../Drivers/CMSIS/Include/core_cm0plus.h:985:34:__NVIC_SystemReset	8	static,ignoring_inline_asm
../Core/Src/main.c:281:5:main	272	static
../Core/Src/main.c:526:6:SystemClock_Config	88	static
../Core/Src/main.c:572:13:MX_SPI1_Init	8	static
../Core/Src/main.c:612:13:MX_TIM3_Init	56	static
../Core/Src/main.c:670:13:MX_TIM6_Init	24	static
../Core/Src/main.c:708:13:MX_TIM14_Init	8	static
../Core/Src/main.c:739:13:MX_TIM17_Init	8	static
../Core/Src/main.c:771:13:MX_USART1_UART_Init	8	static
../Core/Src/main.c:819:13:MX_USART2_UART_Init	8	static
../Core/Src/main.c:867:13:MX_USART3_UART_Init	8	static
../Core/Src/main.c:903:13:MX_USART4_UART_Init	8	static
../Core/Src/main.c:939:13:MX_GPIO_Init	56	static
../Core/Src/main.c:1002:6:HAL_UART_ErrorCallback	16	static
../Core/Src/main.c:1017:6:HAL_UART_RxCpltCallback	24	static
../Core/Src/main.c:1075:6:HAL_TIM_PeriodElapsedCallback	336	dynamic
../Core/Src/main.c:1716:6:rebootsystem	8	static
../Core/Src/main.c:1722:6:save_to_flash	288	static
../Core/Src/main.c:1792:6:send_command	32	static
../Core/Src/main.c:1832:6:quectel_init	16	static
../Core/Src/main.c:1861:9:estabilish_tcp	16	static
../Core/Src/main.c:1903:10:GetCrc16	24	static
../Core/Src/main.c:1915:6:where_api_handler	16	static
../Core/Src/main.c:1927:6:alarm_sender	8	static
../Core/Src/main.c:1941:6:clearit	8	static
../Core/Src/main.c:1952:6:incoming_msg_handler	16	static
../Core/Src/main.c:1984:6:send_login_packet	40	static
../Core/Src/main.c:2010:6:send_data_packet	144	static
../Core/Src/main.c:2084:9:checkdatasize	8	static
../Core/Src/main.c:2102:6:save_data_packet	16	static
../Core/Src/main.c:2131:9:read_data_packet	8	static
../Core/Src/main.c:2160:6:create_status_info	16	static
../Core/Src/main.c:2240:6:send_hb_packet	40	static
../Core/Src/main.c:2268:6:HAL_TIM_IC_CaptureCallback	16	static
../Core/Src/main.c:2323:7:substring	24	static
../Core/Src/main.c:2340:6:send_current_location_via_sms	248	static
../Core/Src/main.c:2406:6:send_alarm_packet_via_sms	152	static
../Core/Src/main.c:2437:6:send_location_packet_via_sms	1040	static
../Core/Src/main.c:2489:7:int2string	16	static
../Core/Src/main.c:2497:6:check_command_SERVER	32	static
../Core/Src/main.c:2533:6:check_command_RELAY	16	static
../Core/Src/main.c:2549:6:check_command_TIMER	48	static
../Core/Src/main.c:2606:6:check_command_MSGCFG	48	static
../Core/Src/main.c:2670:6:Error_Handler	8	static,ignoring_inline_asm
