../Drivers/CMSIS/Include/core_cm0plus.h:985:34:__NVIC_SystemReset	8	static,ignoring_inline_asm
../Core/Src/main.c:230:5:main	112	static
../Core/Src/main.c:444:6:SystemClock_Config	88	static
../Core/Src/main.c:487:13:MX_SPI1_Init	8	static
../Core/Src/main.c:525:13:MX_TIM3_Init	40	static
../Core/Src/main.c:570:13:MX_TIM14_Init	8	static
../Core/Src/main.c:599:13:MX_TIM16_Init	8	static
../Core/Src/main.c:629:13:MX_TIM17_Init	8	static
../Core/Src/main.c:659:13:MX_USART1_UART_Init	8	static
../Core/Src/main.c:704:13:MX_USART2_UART_Init	8	static
../Core/Src/main.c:749:13:MX_USART3_UART_Init	8	static
../Core/Src/main.c:783:13:MX_USART4_UART_Init	8	static
../Core/Src/main.c:815:13:MX_DMA_Init	16	static
../Core/Src/main.c:832:13:MX_GPIO_Init	56	static
../Core/Src/main.c:902:6:HAL_UART_ErrorCallback	16	static
../Core/Src/main.c:913:6:HAL_UART_RxCpltCallback	24	static
../Core/Src/main.c:971:6:HAL_TIM_PeriodElapsedCallback	312	dynamic
../Core/Src/main.c:1516:6:rebootsystem	8	static
../Core/Src/main.c:1523:6:save_to_flash	16	static
../Core/Src/main.c:1566:6:send_command	32	static
../Core/Src/main.c:1605:6:quectel_init	16	static
../Core/Src/main.c:1626:9:estabilish_tcp	16	static
../Core/Src/main.c:1668:10:GetCrc16	24	static
../Core/Src/main.c:1680:6:where_api_handler	16	static
../Core/Src/main.c:1695:6:clearit	8	static
../Core/Src/main.c:1706:6:incoming_msg_handler	16	static
../Core/Src/main.c:1738:6:send_login_packet	40	static
../Core/Src/main.c:1764:6:send_data_packet	104	static
../Core/Src/main.c:1811:9:checkdatasize	8	static
../Core/Src/main.c:1829:6:save_data_packet	16	static
../Core/Src/main.c:1853:9:read_data_packet	8	static
../Core/Src/main.c:1881:6:send_hb_packet	48	static
../Core/Src/main.c:1987:6:HAL_TIM_IC_CaptureCallback	32	static
../Core/Src/main.c:2009:7:substring	24	static
../Core/Src/main.c:2026:6:send_message	256	static
../Core/Src/main.c:2087:6:send_location_packet	1040	static
../Core/Src/main.c:2134:7:int2string	16	static
../Core/Src/main.c:2148:6:Error_Handler	8	static,ignoring_inline_asm
