../Drivers/CMSIS/Include/core_cm0plus.h:985:34:__NVIC_SystemReset	8	static,ignoring_inline_asm
../Core/Src/main.c:237:5:main	136	static
../Core/Src/main.c:533:6:SystemClock_Config	88	static
../Core/Src/main.c:579:13:MX_SPI1_Init	8	static
../Core/Src/main.c:619:13:MX_TIM3_Init	40	static
../Core/Src/main.c:667:13:MX_TIM14_Init	8	static
../Core/Src/main.c:698:13:MX_TIM16_Init	8	static
../Core/Src/main.c:730:13:MX_TIM17_Init	8	static
../Core/Src/main.c:762:13:MX_USART1_UART_Init	8	static
../Core/Src/main.c:810:13:MX_USART2_UART_Init	8	static
../Core/Src/main.c:858:13:MX_USART3_UART_Init	8	static
../Core/Src/main.c:894:13:MX_USART4_UART_Init	8	static
../Core/Src/main.c:928:13:MX_DMA_Init	16	static
../Core/Src/main.c:946:13:MX_GPIO_Init	56	static
../Core/Src/main.c:1016:6:HAL_UART_ErrorCallback	16	static
../Core/Src/main.c:1027:6:HAL_UART_RxCpltCallback	24	static
../Core/Src/main.c:1085:6:HAL_TIM_PeriodElapsedCallback	336	dynamic
../Core/Src/main.c:1658:6:rebootsystem	8	static
../Core/Src/main.c:1666:6:save_to_flash	16	static
../Core/Src/main.c:1712:6:send_command	32	static
../Core/Src/main.c:1751:6:quectel_init	16	static
../Core/Src/main.c:1772:9:estabilish_tcp	16	static
../Core/Src/main.c:1814:10:GetCrc16	24	static
../Core/Src/main.c:1826:6:where_api_handler	16	static
../Core/Src/main.c:1839:6:clearit	8	static
../Core/Src/main.c:1850:6:incoming_msg_handler	16	static
../Core/Src/main.c:1882:6:send_login_packet	40	static
../Core/Src/main.c:1908:6:send_data_packet	104	static
../Core/Src/main.c:1955:9:checkdatasize	8	static
../Core/Src/main.c:1973:6:save_data_packet	16	static
../Core/Src/main.c:1997:9:read_data_packet	8	static
../Core/Src/main.c:2025:6:send_hb_packet	48	static
../Core/Src/main.c:2131:6:HAL_TIM_IC_CaptureCallback	32	static
../Core/Src/main.c:2153:7:substring	24	static
../Core/Src/main.c:2170:6:send_current_location_via_sms	248	static
../Core/Src/main.c:2234:6:send_location_packet_via_sms	1040	static
../Core/Src/main.c:2286:7:int2string	16	static
../Core/Src/main.c:2294:6:check_command_SERVER	32	static
../Core/Src/main.c:2330:6:check_command_TIMER	48	static
../Core/Src/main.c:2390:6:Error_Handler	8	static,ignoring_inline_asm
