../Drivers/CMSIS/Include/core_cm0plus.h:985:34:__NVIC_SystemReset	8	static,ignoring_inline_asm
../Core/Src/main.c:250:5:main	136	static
../Core/Src/main.c:557:6:SystemClock_Config	88	static
../Core/Src/main.c:603:13:MX_SPI1_Init	8	static
../Core/Src/main.c:643:13:MX_TIM3_Init	40	static
../Core/Src/main.c:691:13:MX_TIM14_Init	8	static
../Core/Src/main.c:722:13:MX_TIM16_Init	8	static
../Core/Src/main.c:754:13:MX_TIM17_Init	8	static
../Core/Src/main.c:786:13:MX_USART1_UART_Init	8	static
../Core/Src/main.c:834:13:MX_USART2_UART_Init	8	static
../Core/Src/main.c:882:13:MX_USART3_UART_Init	8	static
../Core/Src/main.c:918:13:MX_USART4_UART_Init	8	static
../Core/Src/main.c:952:13:MX_DMA_Init	16	static
../Core/Src/main.c:970:13:MX_GPIO_Init	56	static
../Core/Src/main.c:1040:6:HAL_UART_ErrorCallback	16	static
../Core/Src/main.c:1051:6:HAL_UART_RxCpltCallback	24	static
../Core/Src/main.c:1109:6:HAL_TIM_PeriodElapsedCallback	336	dynamic
../Core/Src/main.c:1707:6:rebootsystem	8	static
../Core/Src/main.c:1715:6:save_to_flash	16	static
../Core/Src/main.c:1761:6:send_command	32	static
../Core/Src/main.c:1800:6:quectel_init	16	static
../Core/Src/main.c:1821:9:estabilish_tcp	16	static
../Core/Src/main.c:1863:10:GetCrc16	24	static
../Core/Src/main.c:1875:6:where_api_handler	16	static
../Core/Src/main.c:1887:6:alarm_sender	8	static
../Core/Src/main.c:1901:6:clearit	8	static
../Core/Src/main.c:1912:6:incoming_msg_handler	16	static
../Core/Src/main.c:1944:6:send_login_packet	40	static
../Core/Src/main.c:1970:6:send_data_packet	144	static
../Core/Src/main.c:2040:9:checkdatasize	8	static
../Core/Src/main.c:2058:6:save_data_packet	16	static
../Core/Src/main.c:2087:9:read_data_packet	8	static
../Core/Src/main.c:2116:6:create_status_info	16	static
../Core/Src/main.c:2196:6:send_hb_packet	40	static
../Core/Src/main.c:2224:6:HAL_TIM_IC_CaptureCallback	32	static
../Core/Src/main.c:2246:7:substring	24	static
../Core/Src/main.c:2263:6:send_current_location_via_sms	248	static
../Core/Src/main.c:2329:6:send_alarm_packet_via_sms	152	static
../Core/Src/main.c:2360:6:send_location_packet_via_sms	1040	static
../Core/Src/main.c:2412:7:int2string	16	static
../Core/Src/main.c:2420:6:check_command_SERVER	32	static
../Core/Src/main.c:2456:6:check_command_TIMER	48	static
../Core/Src/main.c:2516:6:Error_Handler	8	static,ignoring_inline_asm
