../Drivers/CMSIS/Include/core_cm0plus.h:985:34:__NVIC_SystemReset	8	static,ignoring_inline_asm
../Core/Src/main.c:287:5:main	272	static
../Core/Src/main.c:538:6:SystemClock_Config	88	static
../Core/Src/main.c:584:13:MX_SPI1_Init	8	static
../Core/Src/main.c:624:13:MX_TIM3_Init	56	static
../Core/Src/main.c:682:13:MX_TIM6_Init	24	static
../Core/Src/main.c:720:13:MX_TIM14_Init	8	static
../Core/Src/main.c:751:13:MX_TIM16_Init	8	static
../Core/Src/main.c:783:13:MX_TIM17_Init	8	static
../Core/Src/main.c:815:13:MX_USART1_UART_Init	8	static
../Core/Src/main.c:863:13:MX_USART2_UART_Init	8	static
../Core/Src/main.c:911:13:MX_USART3_UART_Init	8	static
../Core/Src/main.c:947:13:MX_USART4_UART_Init	8	static
../Core/Src/main.c:983:13:MX_GPIO_Init	56	static
../Core/Src/main.c:1046:6:HAL_UART_ErrorCallback	16	static
../Core/Src/main.c:1061:6:HAL_UART_RxCpltCallback	24	static
../Core/Src/main.c:1119:6:HAL_TIM_PeriodElapsedCallback	376	dynamic
../Core/Src/main.c:1849:6:rebootsystem	8	static
../Core/Src/main.c:1855:6:save_to_flash	288	static
../Core/Src/main.c:1925:6:send_command	32	static
../Core/Src/main.c:1965:6:quectel_init	16	static
../Core/Src/main.c:1996:9:estabilish_tcp	16	static
../Core/Src/main.c:2038:10:GetCrc16	24	static
../Core/Src/main.c:2050:6:where_api_handler	16	static
../Core/Src/main.c:2071:6:alarm_sender	8	static
../Core/Src/main.c:2085:6:clearit	8	static
../Core/Src/main.c:2096:6:incoming_msg_handler	16	static
../Core/Src/main.c:2128:6:send_login_packet	40	static
../Core/Src/main.c:2154:6:send_data_packet	144	static
../Core/Src/main.c:2228:9:checkdatasize	8	static
../Core/Src/main.c:2246:6:save_data_packet	16	static
../Core/Src/main.c:2275:9:read_data_packet	8	static
../Core/Src/main.c:2304:6:create_status_info	24	static
../Core/Src/main.c:2403:6:send_hb_packet	40	static
../Core/Src/main.c:2431:6:HAL_TIM_IC_CaptureCallback	16	static
../Core/Src/main.c:2453:7:substring	24	static
../Core/Src/main.c:2470:6:send_imei_via_sms	168	static
../Core/Src/main.c:2495:6:send_current_location_via_sms	248	static
../Core/Src/main.c:2561:6:send_alarm_packet_via_sms	152	static
../Core/Src/main.c:2592:6:send_location_packet_via_sms	1040	static
../Core/Src/main.c:2644:7:int2string	16	static
../Core/Src/main.c:2652:6:check_command_SERVER	32	static
../Core/Src/main.c:2688:6:check_command_RELAY	16	static
../Core/Src/main.c:2704:6:check_command_TIMER	48	static
../Core/Src/main.c:2761:6:check_command_MSGCFG	48	static
../Core/Src/main.c:2826:6:Error_Handler	8	static,ignoring_inline_asm
