../Drivers/CMSIS/Include/core_cm0plus.h:985:34:__NVIC_SystemReset	8	static,ignoring_inline_asm
../Core/Src/main.c:232:5:main	112	static
../Core/Src/main.c:460:6:SystemClock_Config	88	static
../Core/Src/main.c:506:13:MX_SPI1_Init	8	static
../Core/Src/main.c:546:13:MX_TIM3_Init	40	static
../Core/Src/main.c:594:13:MX_TIM14_Init	8	static
../Core/Src/main.c:625:13:MX_TIM16_Init	8	static
../Core/Src/main.c:657:13:MX_TIM17_Init	8	static
../Core/Src/main.c:689:13:MX_USART1_UART_Init	8	static
../Core/Src/main.c:737:13:MX_USART2_UART_Init	8	static
../Core/Src/main.c:785:13:MX_USART3_UART_Init	8	static
../Core/Src/main.c:821:13:MX_USART4_UART_Init	8	static
../Core/Src/main.c:855:13:MX_DMA_Init	16	static
../Core/Src/main.c:873:13:MX_GPIO_Init	56	static
../Core/Src/main.c:943:6:HAL_UART_ErrorCallback	16	static
../Core/Src/main.c:954:6:HAL_UART_RxCpltCallback	24	static
../Core/Src/main.c:1012:6:HAL_TIM_PeriodElapsedCallback	312	dynamic
../Core/Src/main.c:1558:6:rebootsystem	8	static
../Core/Src/main.c:1565:6:save_to_flash	16	static
../Core/Src/main.c:1608:6:send_command	32	static
../Core/Src/main.c:1647:6:quectel_init	16	static
../Core/Src/main.c:1668:9:estabilish_tcp	16	static
../Core/Src/main.c:1710:10:GetCrc16	24	static
../Core/Src/main.c:1722:6:where_api_handler	16	static
../Core/Src/main.c:1737:6:clearit	8	static
../Core/Src/main.c:1748:6:incoming_msg_handler	16	static
../Core/Src/main.c:1780:6:send_login_packet	40	static
../Core/Src/main.c:1806:6:send_data_packet	104	static
../Core/Src/main.c:1853:9:checkdatasize	8	static
../Core/Src/main.c:1871:6:save_data_packet	16	static
../Core/Src/main.c:1895:9:read_data_packet	8	static
../Core/Src/main.c:1923:6:send_hb_packet	48	static
../Core/Src/main.c:2029:6:HAL_TIM_IC_CaptureCallback	32	static
../Core/Src/main.c:2051:7:substring	24	static
../Core/Src/main.c:2068:6:send_current_location_via_sms	248	static
../Core/Src/main.c:2132:6:send_location_packet_via_sms	1040	static
../Core/Src/main.c:2184:7:int2string	16	static
../Core/Src/main.c:2198:6:Error_Handler	8	static,ignoring_inline_asm
