../Drivers/CMSIS/Include/core_cm0plus.h:985:34:__NVIC_SystemReset	8	static,ignoring_inline_asm
../Core/Src/main.c:285:5:main	272	static
../Core/Src/main.c:536:6:SystemClock_Config	88	static
../Core/Src/main.c:582:13:MX_SPI1_Init	8	static
../Core/Src/main.c:622:13:MX_TIM3_Init	56	static
../Core/Src/main.c:680:13:MX_TIM6_Init	24	static
../Core/Src/main.c:718:13:MX_TIM14_Init	8	static
../Core/Src/main.c:749:13:MX_TIM16_Init	8	static
../Core/Src/main.c:781:13:MX_TIM17_Init	8	static
../Core/Src/main.c:813:13:MX_USART1_UART_Init	8	static
../Core/Src/main.c:861:13:MX_USART2_UART_Init	8	static
../Core/Src/main.c:909:13:MX_USART3_UART_Init	8	static
../Core/Src/main.c:945:13:MX_USART4_UART_Init	8	static
../Core/Src/main.c:981:13:MX_GPIO_Init	56	static
../Core/Src/main.c:1044:6:HAL_UART_ErrorCallback	16	static
../Core/Src/main.c:1059:6:HAL_UART_RxCpltCallback	24	static
../Core/Src/main.c:1117:6:HAL_TIM_PeriodElapsedCallback	336	dynamic
../Core/Src/main.c:1782:6:rebootsystem	8	static
../Core/Src/main.c:1788:6:save_to_flash	288	static
../Core/Src/main.c:1858:6:send_command	32	static
../Core/Src/main.c:1898:6:quectel_init	16	static
../Core/Src/main.c:1927:9:estabilish_tcp	16	static
../Core/Src/main.c:1969:10:GetCrc16	24	static
../Core/Src/main.c:1981:6:where_api_handler	16	static
../Core/Src/main.c:2002:6:alarm_sender	8	static
../Core/Src/main.c:2016:6:clearit	8	static
../Core/Src/main.c:2027:6:incoming_msg_handler	16	static
../Core/Src/main.c:2059:6:send_login_packet	40	static
../Core/Src/main.c:2085:6:send_data_packet	144	static
../Core/Src/main.c:2159:9:checkdatasize	8	static
../Core/Src/main.c:2177:6:save_data_packet	16	static
../Core/Src/main.c:2206:9:read_data_packet	8	static
../Core/Src/main.c:2235:6:create_status_info	16	static
../Core/Src/main.c:2315:6:send_hb_packet	40	static
../Core/Src/main.c:2343:6:HAL_TIM_IC_CaptureCallback	16	static
../Core/Src/main.c:2398:7:substring	24	static
../Core/Src/main.c:2415:6:send_imei_via_sms	168	static
../Core/Src/main.c:2440:6:send_current_location_via_sms	248	static
../Core/Src/main.c:2506:6:send_alarm_packet_via_sms	152	static
../Core/Src/main.c:2537:6:send_location_packet_via_sms	1040	static
../Core/Src/main.c:2589:7:int2string	16	static
../Core/Src/main.c:2597:6:check_command_SERVER	32	static
../Core/Src/main.c:2633:6:check_command_RELAY	16	static
../Core/Src/main.c:2649:6:check_command_TIMER	48	static
../Core/Src/main.c:2706:6:check_command_MSGCFG	48	static
../Core/Src/main.c:2771:6:Error_Handler	8	static,ignoring_inline_asm
