../Drivers/CMSIS/Include/core_cm0plus.h:985:34:__NVIC_SystemReset	8	static,ignoring_inline_asm
../Core/Src/main.c:272:5:main	288	static
../Core/Src/main.c:507:6:SystemClock_Config	88	static
../Core/Src/main.c:553:13:MX_SPI1_Init	8	static
../Core/Src/main.c:593:13:MX_TIM3_Init	56	static
../Core/Src/main.c:651:13:MX_TIM6_Init	24	static
../Core/Src/main.c:689:13:MX_TIM14_Init	8	static
../Core/Src/main.c:720:13:MX_TIM17_Init	8	static
../Core/Src/main.c:752:13:MX_USART1_UART_Init	8	static
../Core/Src/main.c:800:13:MX_USART2_UART_Init	8	static
../Core/Src/main.c:848:13:MX_USART3_UART_Init	8	static
../Core/Src/main.c:884:13:MX_USART4_UART_Init	8	static
../Core/Src/main.c:920:13:MX_GPIO_Init	56	static
../Core/Src/main.c:983:6:HAL_UART_ErrorCallback	16	static
../Core/Src/main.c:998:6:HAL_UART_RxCpltCallback	24	static
../Core/Src/main.c:1056:6:HAL_TIM_PeriodElapsedCallback	336	dynamic
../Core/Src/main.c:1663:6:rebootsystem	8	static
../Core/Src/main.c:1669:6:save_to_flash	288	static
../Core/Src/main.c:1737:6:send_command	32	static
../Core/Src/main.c:1777:6:quectel_init	16	static
../Core/Src/main.c:1806:9:estabilish_tcp	16	static
../Core/Src/main.c:1848:10:GetCrc16	24	static
../Core/Src/main.c:1860:6:where_api_handler	16	static
../Core/Src/main.c:1872:6:alarm_sender	8	static
../Core/Src/main.c:1886:6:clearit	8	static
../Core/Src/main.c:1897:6:incoming_msg_handler	16	static
../Core/Src/main.c:1929:6:send_login_packet	40	static
../Core/Src/main.c:1955:6:send_data_packet	144	static
../Core/Src/main.c:2029:9:checkdatasize	8	static
../Core/Src/main.c:2047:6:save_data_packet	16	static
../Core/Src/main.c:2076:9:read_data_packet	8	static
../Core/Src/main.c:2105:6:create_status_info	16	static
../Core/Src/main.c:2185:6:send_hb_packet	40	static
../Core/Src/main.c:2213:6:HAL_TIM_IC_CaptureCallback	16	static
../Core/Src/main.c:2268:7:substring	24	static
../Core/Src/main.c:2285:6:send_current_location_via_sms	248	static
../Core/Src/main.c:2351:6:send_alarm_packet_via_sms	152	static
../Core/Src/main.c:2382:6:send_location_packet_via_sms	1040	static
../Core/Src/main.c:2434:7:int2string	16	static
../Core/Src/main.c:2442:6:check_command_SERVER	32	static
../Core/Src/main.c:2478:6:check_command_TIMER	48	static
../Core/Src/main.c:2538:6:Error_Handler	8	static,ignoring_inline_asm
