../Drivers/CMSIS/Include/core_cm0plus.h:985:34:__NVIC_SystemReset	8	static,ignoring_inline_asm
../Core/Src/main.c:252:5:main	136	static
../Core/Src/main.c:553:6:SystemClock_Config	88	static
../Core/Src/main.c:599:13:MX_SPI1_Init	8	static
../Core/Src/main.c:639:13:MX_TIM3_Init	56	static
../Core/Src/main.c:697:13:MX_TIM6_Init	24	static
../Core/Src/main.c:735:13:MX_TIM14_Init	8	static
../Core/Src/main.c:766:13:MX_TIM17_Init	8	static
../Core/Src/main.c:798:13:MX_USART1_UART_Init	8	static
../Core/Src/main.c:846:13:MX_USART2_UART_Init	8	static
../Core/Src/main.c:894:13:MX_USART3_UART_Init	8	static
../Core/Src/main.c:930:13:MX_USART4_UART_Init	8	static
../Core/Src/main.c:966:13:MX_GPIO_Init	56	static
../Core/Src/main.c:1029:6:HAL_UART_ErrorCallback	16	static
../Core/Src/main.c:1044:6:HAL_UART_RxCpltCallback	24	static
../Core/Src/main.c:1102:6:HAL_TIM_PeriodElapsedCallback	336	dynamic
../Core/Src/main.c:1709:6:rebootsystem	8	static
../Core/Src/main.c:1717:6:save_to_flash	16	static
../Core/Src/main.c:1763:6:send_command	32	static
../Core/Src/main.c:1803:6:quectel_init	16	static
../Core/Src/main.c:1832:9:estabilish_tcp	16	static
../Core/Src/main.c:1874:10:GetCrc16	24	static
../Core/Src/main.c:1886:6:where_api_handler	16	static
../Core/Src/main.c:1898:6:alarm_sender	8	static
../Core/Src/main.c:1912:6:clearit	8	static
../Core/Src/main.c:1923:6:incoming_msg_handler	16	static
../Core/Src/main.c:1955:6:send_login_packet	40	static
../Core/Src/main.c:1981:6:send_data_packet	144	static
../Core/Src/main.c:2055:9:checkdatasize	8	static
../Core/Src/main.c:2073:6:save_data_packet	16	static
../Core/Src/main.c:2102:9:read_data_packet	8	static
../Core/Src/main.c:2131:6:create_status_info	16	static
../Core/Src/main.c:2211:6:send_hb_packet	40	static
../Core/Src/main.c:2239:6:HAL_TIM_IC_CaptureCallback	16	static
../Core/Src/main.c:2294:7:substring	24	static
../Core/Src/main.c:2311:6:send_current_location_via_sms	248	static
../Core/Src/main.c:2377:6:send_alarm_packet_via_sms	152	static
../Core/Src/main.c:2408:6:send_location_packet_via_sms	1040	static
../Core/Src/main.c:2460:7:int2string	16	static
../Core/Src/main.c:2468:6:check_command_SERVER	32	static
../Core/Src/main.c:2504:6:check_command_TIMER	48	static
../Core/Src/main.c:2564:6:Error_Handler	8	static,ignoring_inline_asm
