../Drivers/CMSIS/Include/core_cm0plus.h:985:34:__NVIC_SystemReset	8	static,ignoring_inline_asm
../Core/Src/main.c:237:5:main	136	static
../Core/Src/main.c:535:6:SystemClock_Config	88	static
../Core/Src/main.c:581:13:MX_SPI1_Init	8	static
../Core/Src/main.c:621:13:MX_TIM3_Init	40	static
../Core/Src/main.c:669:13:MX_TIM14_Init	8	static
../Core/Src/main.c:700:13:MX_TIM16_Init	8	static
../Core/Src/main.c:732:13:MX_TIM17_Init	8	static
../Core/Src/main.c:764:13:MX_USART1_UART_Init	8	static
../Core/Src/main.c:812:13:MX_USART2_UART_Init	8	static
../Core/Src/main.c:860:13:MX_USART3_UART_Init	8	static
../Core/Src/main.c:896:13:MX_USART4_UART_Init	8	static
../Core/Src/main.c:930:13:MX_DMA_Init	16	static
../Core/Src/main.c:948:13:MX_GPIO_Init	56	static
../Core/Src/main.c:1018:6:HAL_UART_ErrorCallback	16	static
../Core/Src/main.c:1029:6:HAL_UART_RxCpltCallback	24	static
../Core/Src/main.c:1087:6:HAL_TIM_PeriodElapsedCallback	336	dynamic
../Core/Src/main.c:1660:6:rebootsystem	8	static
../Core/Src/main.c:1668:6:save_to_flash	16	static
../Core/Src/main.c:1714:6:send_command	32	static
../Core/Src/main.c:1753:6:quectel_init	16	static
../Core/Src/main.c:1774:9:estabilish_tcp	16	static
../Core/Src/main.c:1816:10:GetCrc16	24	static
../Core/Src/main.c:1828:6:where_api_handler	16	static
../Core/Src/main.c:1841:6:clearit	8	static
../Core/Src/main.c:1852:6:incoming_msg_handler	16	static
../Core/Src/main.c:1884:6:send_login_packet	40	static
../Core/Src/main.c:1910:6:send_data_packet	104	static
../Core/Src/main.c:1957:9:checkdatasize	8	static
../Core/Src/main.c:1975:6:save_data_packet	16	static
../Core/Src/main.c:1999:9:read_data_packet	8	static
../Core/Src/main.c:2027:6:send_hb_packet	48	static
../Core/Src/main.c:2133:6:HAL_TIM_IC_CaptureCallback	32	static
../Core/Src/main.c:2155:7:substring	24	static
../Core/Src/main.c:2172:6:send_current_location_via_sms	248	static
../Core/Src/main.c:2236:6:send_location_packet_via_sms	1040	static
../Core/Src/main.c:2288:7:int2string	16	static
../Core/Src/main.c:2296:6:check_command_SERVER	32	static
../Core/Src/main.c:2332:6:check_command_TIMER	48	static
../Core/Src/main.c:2392:6:Error_Handler	8	static,ignoring_inline_asm
