../Drivers/CMSIS/Include/core_cm0plus.h:985:34:__NVIC_SystemReset	8	static,ignoring_inline_asm
../Core/Src/main.c:234:5:main	112	static
../Core/Src/main.c:462:6:SystemClock_Config	88	static
../Core/Src/main.c:508:13:MX_SPI1_Init	8	static
../Core/Src/main.c:548:13:MX_TIM3_Init	40	static
../Core/Src/main.c:596:13:MX_TIM14_Init	8	static
../Core/Src/main.c:627:13:MX_TIM16_Init	8	static
../Core/Src/main.c:659:13:MX_TIM17_Init	8	static
../Core/Src/main.c:691:13:MX_USART1_UART_Init	8	static
../Core/Src/main.c:739:13:MX_USART2_UART_Init	8	static
../Core/Src/main.c:787:13:MX_USART3_UART_Init	8	static
../Core/Src/main.c:823:13:MX_USART4_UART_Init	8	static
../Core/Src/main.c:857:13:MX_DMA_Init	16	static
../Core/Src/main.c:875:13:MX_GPIO_Init	56	static
../Core/Src/main.c:945:6:HAL_UART_ErrorCallback	16	static
../Core/Src/main.c:956:6:HAL_UART_RxCpltCallback	24	static
../Core/Src/main.c:1014:6:HAL_TIM_PeriodElapsedCallback	336	dynamic
../Core/Src/main.c:1573:6:rebootsystem	8	static
../Core/Src/main.c:1580:6:save_to_flash	16	static
../Core/Src/main.c:1623:6:send_command	32	static
../Core/Src/main.c:1662:6:quectel_init	16	static
../Core/Src/main.c:1683:9:estabilish_tcp	16	static
../Core/Src/main.c:1725:10:GetCrc16	24	static
../Core/Src/main.c:1737:6:where_api_handler	16	static
../Core/Src/main.c:1750:6:clearit	8	static
../Core/Src/main.c:1761:6:incoming_msg_handler	16	static
../Core/Src/main.c:1793:6:send_login_packet	40	static
../Core/Src/main.c:1819:6:send_data_packet	104	static
../Core/Src/main.c:1866:9:checkdatasize	8	static
../Core/Src/main.c:1884:6:save_data_packet	16	static
../Core/Src/main.c:1908:9:read_data_packet	8	static
../Core/Src/main.c:1936:6:send_hb_packet	48	static
../Core/Src/main.c:2042:6:HAL_TIM_IC_CaptureCallback	32	static
../Core/Src/main.c:2064:7:substring	24	static
../Core/Src/main.c:2081:6:send_current_location_via_sms	248	static
../Core/Src/main.c:2145:6:send_location_packet_via_sms	1040	static
../Core/Src/main.c:2197:7:int2string	16	static
../Core/Src/main.c:2205:6:check_command_DNS	32	static
../Core/Src/main.c:2247:6:Error_Handler	8	static,ignoring_inline_asm
