../Drivers/CMSIS/Include/core_cm0plus.h:985:34:__NVIC_SystemReset	8	static,ignoring_inline_asm
../Core/Src/main.c:294:5:main	272	static
../Core/Src/main.c:552:6:SystemClock_Config	88	static
../Core/Src/main.c:598:13:MX_SPI1_Init	8	static
../Core/Src/main.c:638:13:MX_TIM3_Init	56	static
../Core/Src/main.c:696:13:MX_TIM6_Init	24	static
../Core/Src/main.c:734:13:MX_TIM7_Init	24	static
../Core/Src/main.c:772:13:MX_TIM14_Init	8	static
../Core/Src/main.c:803:13:MX_TIM16_Init	8	static
../Core/Src/main.c:835:13:MX_TIM17_Init	8	static
../Core/Src/main.c:867:13:MX_USART1_UART_Init	8	static
../Core/Src/main.c:915:13:MX_USART2_UART_Init	8	static
../Core/Src/main.c:963:13:MX_USART3_UART_Init	8	static
../Core/Src/main.c:999:13:MX_USART4_UART_Init	8	static
../Core/Src/main.c:1035:13:MX_GPIO_Init	56	static
../Core/Src/main.c:1098:6:HAL_UART_ErrorCallback	16	static
../Core/Src/main.c:1113:6:HAL_UART_RxCpltCallback	24	static
../Core/Src/main.c:1171:6:HAL_TIM_PeriodElapsedCallback	376	dynamic
../Core/Src/main.c:1922:6:rebootsystem	8	static
../Core/Src/main.c:1928:6:save_to_flash	288	static
../Core/Src/main.c:1998:6:send_command	32	static
../Core/Src/main.c:2038:6:quectel_init	16	static
../Core/Src/main.c:2069:9:estabilish_tcp	16	static
../Core/Src/main.c:2111:10:GetCrc16	24	static
../Core/Src/main.c:2123:6:where_api_handler	16	static
../Core/Src/main.c:2144:6:alarm_sender	8	static
../Core/Src/main.c:2158:6:clearit	8	static
../Core/Src/main.c:2169:6:incoming_msg_handler	16	static
../Core/Src/main.c:2201:6:send_login_packet	40	static
../Core/Src/main.c:2227:6:send_data_packet	144	static
../Core/Src/main.c:2301:9:checkdatasize	8	static
../Core/Src/main.c:2319:6:save_data_packet	16	static
../Core/Src/main.c:2348:9:read_data_packet	8	static
../Core/Src/main.c:2377:6:create_status_info	24	static
../Core/Src/main.c:2476:6:send_hb_packet	40	static
../Core/Src/main.c:2504:6:HAL_TIM_IC_CaptureCallback	16	static
../Core/Src/main.c:2526:7:substring	24	static
../Core/Src/main.c:2543:6:send_imei_via_sms	168	static
../Core/Src/main.c:2568:6:send_current_location_via_sms	248	static
../Core/Src/main.c:2634:6:send_alarm_packet_via_sms	152	static
../Core/Src/main.c:2665:6:send_location_packet_via_sms	1040	static
../Core/Src/main.c:2717:7:int2string	16	static
../Core/Src/main.c:2725:6:check_command_SERVER	32	static
../Core/Src/main.c:2761:6:check_command_RELAY	16	static
../Core/Src/main.c:2777:6:check_command_TIMER	48	static
../Core/Src/main.c:2834:6:check_command_MSGCFG	48	static
../Core/Src/main.c:2899:6:Error_Handler	8	static,ignoring_inline_asm
