../Drivers/CMSIS/Include/core_cm0plus.h:985:34:__NVIC_SystemReset	8	static,ignoring_inline_asm
../Core/Src/stm32g0xx_it.c:78:6:NMI_Handler	8	static
../Core/Src/stm32g0xx_it.c:93:6:HardFault_Handler	8	static
../Core/Src/stm32g0xx_it.c:109:6:SVC_Handler	8	static
../Core/Src/stm32g0xx_it.c:122:6:PendSV_Handler	8	static
../Core/Src/stm32g0xx_it.c:135:6:SysTick_Handler	8	static
../Core/Src/stm32g0xx_it.c:156:6:TIM3_IRQHandler	8	static
../Core/Src/stm32g0xx_it.c:170:6:TIM6_IRQHandler	8	static
../Core/Src/stm32g0xx_it.c:184:6:TIM14_IRQHandler	8	static
../Core/Src/stm32g0xx_it.c:198:6:TIM16_IRQHandler	8	static
../Core/Src/stm32g0xx_it.c:212:6:TIM17_IRQHandler	8	static
../Core/Src/stm32g0xx_it.c:226:6:SPI1_IRQHandler	8	static
../Core/Src/stm32g0xx_it.c:240:6:USART1_IRQHandler	8	static
../Core/Src/stm32g0xx_it.c:254:6:USART2_IRQHandler	8	static
../Core/Src/stm32g0xx_it.c:268:6:USART3_4_IRQHandler	8	static
